                    00001           ;**********************************************************
                    00002           ;     SimTest03.SRC
                    00003           ;1
                    00004           ;**********************************************************
                    00005             
                    00006           ;Das Programm l?st beim Flankenwechsel von 1 auf 0 an RB0 e
                    00007           
                    00008           DEVICE    16F882
                    00009           CONFIG    RBPU_ON
                    00010           CONFIG    WDT_ON
                    00011           CONFIG    ANSEL
                    00012           CONFIG    ANSELH
                    00013           
                    00014           ; user defined symbols
                    00015           II         EQU       32
                    00016           JJ         EQU       33
                    00017           TEMP       EQU       34
                    00018           ZEIT       EQU       35
                    00019           TASTE1     EQU       7,4
                    00020           TASTE2     EQU       7,5
                    00021           TASTE3     EQU       5,4
                    00022           
                    00023           Option     EQU       1
                    00024           
                    00025           
                    00026           org     0
                    00027           
0000 2808           00028  $_COLD   goto      $_COLDX
0001 0000           00029           nop
0002 0000           00030           nop
0003 0000           00031           nop
                    00032  $_INTUP  
0004 188B           00033           btfsc     0bh,1               ;ist es RB0 Interrupt?
0005 0AA0           00034           incf      20h                 ;ja, Zaehler incrementieren
0006 108B           00035           bcf       0bh,1               ;INTF zuruecksetzen
0007 0009           00036           retfie                        ;beende ISR
                    00037           
                    00038           
                    00039  $_COLDX  
                    00040           
                    00041            
0008 0064           00042  START    clrwdt
0009 303F           00043           movlw     00111111B  ;OPTION so einstellen, dass neg. Flank
000A 1683           00044           bsf       3,5                 ;auf BANK 1 umschalten, dort 
000B 0081           00045           movwf     1                   ;Register
000C 1283           00046           bcf       3,5
                    00047           
000D 160B           00048           bsf       0bh,4               ;INT-Interrupt-Enable setzen
000E 178B           00049           bsf       0bh,7               ;auch globale Interrupts frei
                    00050  loop     
000F 280F           00051           goto      loop
                    00052           
                    00053           end
